Caching historical frozen features
Cached confirmation features: 50/504
Cached confirmation features: 100/504
Cached confirmation features: 150/504
Cached confirmation features: 200/504
Cached confirmation features: 250/504
Cached confirmation features: 300/504
Cached confirmation features: 350/504
Cached confirmation features: 400/504
Cached confirmation features: 450/504
Cached confirmation features: 500/504
Caching locked fresh-development features
Cached confirmation features: 50/504
Cached confirmation features: 100/504
Cached confirmation features: 150/504
Cached confirmation features: 200/504
Cached confirmation features: 250/504
Cached confirmation features: 300/504
Cached confirmation features: 350/504
Cached confirmation features: 400/504
Cached confirmation features: 450/504
Cached confirmation features: 500/504
Evaluating frozen native answer/path panel: window_1
Evaluating frozen native answer/path panel: window_2
{
  "status": "audit_completed",
  "shortcut_risk_supported": true,
  "relation_target_choice_mismatch": true,
  "window_1_native_accuracy": 1.0,
  "window_2_native_accuracy": 1.0,
  "M3_authorized_by_results": false
}
